2025-10-05 16:36:37,562 [INFO] \U0001f504 CTMS sync started.
2025-10-05 16:36:41,590 [ERROR] Redis unavailable: Error 10061 connecting to localhost:6379. No connection could be made because the target machine actively refused it.
2025-10-05 16:36:43,162 [INFO] No new studies to process.
2025-10-05 16:36:43,163 [INFO] \u2705 CTMS sync completed.
2025-10-05 17:54:35,762 [INFO] \U0001f504 CTMS sync started.
2025-10-05 17:54:37,814 [WARNING] No last modified date found in Redis. Using fallback.
2025-10-05 17:54:39,452 [INFO] No new studies to process.
2025-10-05 17:54:39,452 [INFO] \u2705 CTMS sync completed.
2025-10-05 17:55:55,459 [INFO] \U0001f504 CTMS sync started.
2025-10-05 17:55:57,508 [WARNING] No last modified date found in Redis. Using fallback.
2025-10-05 17:55:58,383 [INFO] Saved 13 studies to study_output.csv
2025-10-05 17:55:58,386 [INFO] 13 studies marked as processed.
2025-10-05 17:56:00,420 [INFO] Updated Redis with latest modified_date__v: 2025-10-03T09:40:32.000Z
2025-10-05 17:56:00,420 [INFO] \u2705 CTMS sync completed.
2025-10-05 19:51:08,958 [INFO] \U0001f504 CTMS sync started.
2025-10-05 19:51:13,031 [ERROR] Redis unavailable: Error 10061 connecting to localhost:6379. No connection could be made because the target machine actively refused it.
2025-10-05 19:51:14,637 [INFO] Saved 13 studies to study_output.csv
2025-10-05 19:51:18,674 [ERROR] Failed to update Redis: Error 10061 connecting to localhost:6379. No connection could be made because the target machine actively refused it.
2025-10-05 19:51:18,674 [INFO] \u2705 CTMS sync completed.
2025-10-05 19:52:39,899 [INFO] \U0001f504 CTMS sync started.
2025-10-05 19:52:43,935 [ERROR] Redis unavailable: Error 10061 connecting to localhost:6379. No connection could be made because the target machine actively refused it.
2025-10-05 19:52:45,537 [INFO] Saved 13 studies to study_output.csv
2025-10-05 19:52:49,589 [ERROR] Failed to update Redis: Error 10061 connecting to localhost:6379. No connection could be made because the target machine actively refused it.
2025-10-05 19:52:49,589 [INFO] \u2705 CTMS sync completed.
2025-10-05 19:53:41,339 [INFO] \U0001f504 CTMS sync started.
2025-10-05 19:53:43,395 [INFO] Last modified date from Redis: 2025-10-03T09:40:32.000Z
2025-10-05 19:53:44,977 [WARNING] No studies returned.
2025-10-05 19:53:44,981 [WARNING] No studies retrieved.
2025-10-05 19:54:40,491 [INFO] \U0001f504 CTMS sync started.
2025-10-05 19:54:42,537 [INFO] Last modified date from Redis: 2025-10-03T09:40:32.000Z
2025-10-05 19:54:44,194 [WARNING] No studies returned.
2025-10-05 19:54:44,199 [WARNING] No studies retrieved.
2025-10-05 19:57:18,399 [INFO] \U0001f504 CTMS sync started.
2025-10-05 19:57:20,445 [INFO] Last modified date from Redis: 2025-10-03T09:40:32.000Z
2025-10-05 19:57:21,286 [WARNING] No studies returned.
2025-10-05 19:57:21,291 [WARNING] No studies retrieved.
2025-10-05 20:01:46,716 [INFO] \U0001f504 CTMS sync started.
2025-10-05 20:01:50,757 [ERROR] Redis unavailable: Error 10061 connecting to localhost:6379. No connection could be made because the target machine actively refused it.
2025-10-05 20:01:51,734 [INFO] Saved 13 studies to study_output.csv
2025-10-05 20:01:55,802 [ERROR] Failed to update Redis: Error 10061 connecting to localhost:6379. No connection could be made because the target machine actively refused it.
2025-10-05 20:01:55,802 [INFO] \u2705 CTMS sync completed.
2025-10-05 20:02:25,468 [INFO] \U0001f504 CTMS sync started.
2025-10-05 20:02:29,499 [ERROR] Redis unavailable: Error 10061 connecting to localhost:6379. No connection could be made because the target machine actively refused it.
2025-10-05 20:02:30,353 [INFO] Saved 13 studies to study_output.csv
2025-10-05 20:02:34,377 [ERROR] Failed to update Redis: Error 10061 connecting to localhost:6379. No connection could be made because the target machine actively refused it.
2025-10-05 20:02:34,378 [INFO] \u2705 CTMS sync completed.
2025-10-05 20:10:29,485 [INFO] \U0001f504 CTMS sync started.
2025-10-05 20:10:33,553 [ERROR] Redis unavailable: Error 10061 connecting to localhost:6379. No connection could be made because the target machine actively refused it.
2025-10-05 20:10:34,498 [INFO] Saved 13 studies to study_output.csv
2025-10-05 20:10:38,545 [ERROR] Failed to update Redis: Error 10061 connecting to localhost:6379. No connection could be made because the target machine actively refused it.
2025-10-05 20:10:38,545 [INFO] \u2705 CTMS sync completed.
2025-10-05 20:12:53,253 [INFO] \U0001f504 CTMS sync started.
2025-10-05 20:12:57,318 [ERROR] Redis unavailable: Error 10061 connecting to localhost:6379. No connection could be made because the target machine actively refused it.
2025-10-05 20:12:58,182 [INFO] Saved 13 studies to study_output.csv
2025-10-05 20:13:02,203 [ERROR] Failed to update Redis: Error 10061 connecting to localhost:6379. No connection could be made because the target machine actively refused it.
2025-10-05 20:13:02,203 [INFO] \u2705 CTMS sync completed.
2025-10-05 20:13:16,460 [INFO] \U0001f504 CTMS sync started.
2025-10-05 20:13:20,657 [ERROR] Redis unavailable: Error 10061 connecting to localhost:6379. No connection could be made because the target machine actively refused it.
2025-10-05 20:13:21,618 [INFO] Saved 13 studies to study_output.csv
2025-10-05 20:13:25,657 [ERROR] Failed to update Redis: Error 10061 connecting to localhost:6379. No connection could be made because the target machine actively refused it.
2025-10-05 20:13:25,658 [INFO] \u2705 CTMS sync completed.
2025-10-05 20:48:30,736 [INFO] \U0001f504 CTMS sync started.
2025-10-05 20:48:34,777 [ERROR] Redis unavailable: Error 10061 connecting to localhost:6379. No connection could be made because the target machine actively refused it.
2025-10-05 20:48:35,619 [INFO] Saved 13 studies to study_output.csv
2025-10-05 20:48:39,668 [ERROR] Failed to update Redis: Error 10061 connecting to localhost:6379. No connection could be made because the target machine actively refused it.
2025-10-05 20:48:39,669 [INFO] \u2705 CTMS sync completed.
2025-10-05 20:50:29,610 [INFO] \U0001f504 CTMS sync started.
2025-10-05 20:50:37,699 [ERROR] Redis unavailable: Error 10061 connecting to localhost:6379. No connection could be made because the target machine actively refused it.
2025-10-05 20:50:38,712 [INFO] Saved 13 studies to study_output.csv
2025-10-05 20:50:42,736 [ERROR] Failed to update Redis: Error 10061 connecting to localhost:6379. No connection could be made because the target machine actively refused it.
2025-10-05 20:50:42,737 [INFO] \u2705 CTMS sync completed.
2025-10-05 20:50:47,795 [INFO] \U0001f504 CTMS sync started.
2025-10-05 20:54:56,023 [INFO] \U0001f504 CTMS sync started.
2025-10-05 20:55:00,092 [INFO] Last modified date from Redis: 2025-10-03T09:40:32.000Z
2025-10-05 20:55:01,539 [WARNING] No studies returned.
2025-10-05 20:55:01,544 [WARNING] No studies retrieved.
2025-10-06 10:13:03,627 [INFO] \U0001f504 CTMS sync started.
2025-10-06 10:13:07,702 [INFO] Last modified date from Redis: 2025-10-03T09:40:32.000Z
2025-10-06 10:13:08,514 [ERROR] API returned an error: [{'type': 'INVALID_SESSION_ID', 'message': 'Invalid or expired session ID.'}]
2025-10-06 10:13:08,520 [WARNING] No studies retrieved.
2025-10-06 10:13:27,863 [INFO] \U0001f504 CTMS sync started.
2025-10-06 10:13:31,947 [INFO] Last modified date from Redis: 2025-10-03T09:40:32.000Z
2025-10-06 10:13:32,748 [ERROR] API returned an error: [{'type': 'INVALID_SESSION_ID', 'message': 'Invalid or expired session ID.'}]
2025-10-06 10:13:32,756 [WARNING] No studies retrieved.
2025-10-06 10:14:46,521 [INFO] \U0001f504 CTMS sync started.
2025-10-06 10:14:50,605 [INFO] Last modified date from Redis: 2025-10-03T09:40:32.000Z
2025-10-06 10:14:51,431 [WARNING] No studies returned.
2025-10-06 10:14:51,438 [WARNING] No studies retrieved.
2025-10-06 10:15:44,386 [INFO] \U0001f504 CTMS sync started.
2025-10-06 10:15:52,497 [ERROR] Redis unavailable: Error 10061 connecting to localhost:6379. No connection could be made because the target machine actively refused it.
2025-10-06 10:15:53,677 [INFO] Saved 13 studies to study_output.csv
2025-10-06 10:15:57,748 [ERROR] Failed to update Redis: Error 10061 connecting to localhost:6379. No connection could be made because the target machine actively refused it.
2025-10-06 10:15:57,748 [INFO] \u2705 CTMS sync completed.
2025-10-06 10:23:43,922 [INFO] \U0001f504 CTMS sync started.
2025-10-06 10:23:52,030 [ERROR] Redis unavailable: Error 10061 connecting to localhost:6379. No connection could be made because the target machine actively refused it.
2025-10-06 10:23:53,399 [INFO] Saved 13 studies to study_output.csv
2025-10-06 10:23:57,454 [ERROR] Failed to update Redis: Error 10061 connecting to localhost:6379. No connection could be made because the target machine actively refused it.
2025-10-06 10:23:57,455 [INFO] \u2705 CTMS sync completed.
2025-10-07 14:36:35,354 [INFO] \U0001f504 CTMS sync started.
2025-10-07 14:36:43,511 [ERROR] Redis unavailable: Error 10061 connecting to localhost:6379. No connection could be made because the target machine actively refused it.
2025-10-07 14:36:44,662 [INFO] Saved 13 studies to study_output.csv
2025-10-07 14:36:48,719 [ERROR] Failed to update Redis: Error 10061 connecting to localhost:6379. No connection could be made because the target machine actively refused it.
2025-10-07 14:36:48,720 [INFO] \u2705 CTMS sync completed.
2025-10-07 16:00:47,312 [INFO] \U0001f504 CTMS sync started.
2025-10-07 16:00:55,431 [ERROR] Redis unavailable: Error 10061 connecting to localhost:6379. No connection could be made because the target machine actively refused it.
2025-10-07 16:00:56,688 [INFO] Saved 13 studies to study_output.csv
2025-10-07 16:01:00,752 [ERROR] Failed to update Redis: Error 10061 connecting to localhost:6379. No connection could be made because the target machine actively refused it.
2025-10-07 16:01:00,753 [INFO] \u2705 CTMS sync completed.
2025-12-08 16:05:34,162 [INFO] \U0001f504 CTMS sync started.
2025-12-08 16:05:42,288 [ERROR] Redis unavailable: Error 10061 connecting to localhost:6379. No connection could be made because the target machine actively refused it.
2025-12-08 16:05:43,074 [ERROR] API returned an error: [{'type': 'INVALID_SESSION_ID', 'message': 'Invalid or expired session ID.'}]
2025-12-08 16:05:43,084 [WARNING] No studies retrieved.
2025-12-08 16:06:08,559 [INFO] \U0001f504 CTMS sync started.
2025-12-08 16:06:16,694 [ERROR] Redis unavailable: Error 10061 connecting to localhost:6379. No connection could be made because the target machine actively refused it.
2025-12-08 16:06:17,937 [INFO] Saved 2 studies to study_output.csv
2025-12-08 16:06:21,990 [ERROR] Failed to update Redis: Error 10061 connecting to localhost:6379. No connection could be made because the target machine actively refused it.
2025-12-08 16:06:21,990 [INFO] \u2705 CTMS sync completed.
2026-02-06 17:25:01,803 [INFO] \U0001f504 CTMS sync started.
2026-02-06 17:25:09,952 [ERROR] Redis unavailable: Error 10061 connecting to localhost:6379. No connection could be made because the target machine actively refused it.
2026-02-06 17:25:11,135 [INFO] Saved 8 studies to study_output.csv
2026-02-06 17:25:11,135 [INFO] \u2705 CTMS sync completed.
2026-02-06 17:33:41,365 [INFO] \U0001f504 CTMS sync started.
2026-02-06 17:33:49,518 [ERROR] Redis unavailable: Error 10061 connecting to localhost:6379. No connection could be made because the target machine actively refused it.
2026-02-06 17:33:50,836 [INFO] Saved 8 studies to study_output.csv
2026-02-06 17:33:50,836 [INFO] \u2705 CTMS sync completed.
2026-02-06 17:34:11,744 [INFO] \U0001f504 CTMS sync started.
2026-02-06 17:34:19,841 [ERROR] Redis unavailable: Error 10061 connecting to localhost:6379. No connection could be made because the target machine actively refused it.
2026-02-06 17:34:21,119 [INFO] Saved 6 studies to study_output.csv
2026-02-06 17:34:21,120 [INFO] \u2705 CTMS sync completed.
2026-02-06 17:34:58,317 [INFO] \U0001f504 CTMS sync started.
2026-02-06 17:35:06,437 [ERROR] Redis unavailable: Error 10061 connecting to localhost:6379. No connection could be made because the target machine actively refused it.
2026-02-06 17:35:07,696 [INFO] Saved 4 studies to study_output.csv
2026-02-06 17:35:07,697 [INFO] \u2705 CTMS sync completed.
2026-02-06 17:39:38,782 [INFO] \U0001f504 CTMS sync started.
2026-02-06 17:39:46,941 [ERROR] Redis unavailable: Error 10061 connecting to localhost:6379. No connection could be made because the target machine actively refused it.
2026-02-06 17:39:48,202 [INFO] Saved 4 studies to study_output.csv
2026-02-06 17:39:48,203 [INFO] \u2705 CTMS sync completed.
2026-02-06 17:46:46,179 [INFO] \U0001f504 CTMS sync started.
2026-02-06 17:46:54,337 [ERROR] Redis unavailable: Error 10061 connecting to localhost:6379. No connection could be made because the target machine actively refused it.
2026-02-06 17:47:23,111 [INFO] \U0001f504 CTMS sync started.
2026-02-06 17:47:31,271 [ERROR] Redis unavailable: Error 10061 connecting to localhost:6379. No connection could be made because the target machine actively refused it.
2026-02-06 17:47:32,485 [INFO] Saved 4 studies to study_output.csv
2026-02-06 17:47:32,486 [INFO] \u2705 CTMS sync completed.
2026-02-06 17:49:12,639 [INFO] \U0001f504 CTMS sync started.
2026-02-06 17:49:20,771 [ERROR] Redis unavailable: Error 10061 connecting to localhost:6379. No connection could be made because the target machine actively refused it.
2026-02-06 17:49:22,382 [INFO] Saved 4 studies to study_output.csv
2026-02-06 17:49:22,382 [INFO] \u2705 CTMS sync completed.
2026-02-06 17:50:33,754 [INFO] \U0001f504 CTMS sync started.
2026-02-06 17:50:41,882 [ERROR] Redis unavailable: Error 10061 connecting to localhost:6379. No connection could be made because the target machine actively refused it.
2026-02-06 17:50:43,060 [INFO] Saved 4 studies to clinicalstudylist.json
2026-02-06 17:50:43,060 [INFO] \u2705 CTMS sync completed.
2026-02-06 20:20:04,722 [INFO] \U0001f504 CTMS sync started.
2026-02-06 20:20:12,853 [ERROR] Redis unavailable: Error 10061 connecting to localhost:6379. No connection could be made because the target machine actively refused it.
2026-02-06 20:20:15,534 [INFO] Saved 4 studies to clinicalstudylist.json
2026-02-06 20:20:15,534 [INFO] \u2705 CTMS sync completed.
2026-02-06 20:47:29,932 [INFO] \U0001f504 CTMS sync started.
2026-02-06 20:47:34,623 [INFO] CDMS Session ID loaded from file.
2026-02-06 20:47:39,213 [ERROR] Redis unavailable: Error 10061 connecting to localhost:6379. No connection could be made because the target machine actively refused it.
2026-02-06 20:47:41,921 [INFO] Checking CDMS with query: SELECT name__v FROM study__v WHERE (name__v = '2111-2111' OR name__v = '497575_Tosca_V2V' OR name__v = '1141-0329' OR name__v = '917761_Tosca_V2V')
2026-02-06 20:47:42,811 [WARNING] CDMS query error: [{'type': 'INVALID_SESSION_ID', 'message': 'Invalid or expired session ID.'}]. Proceeding without filtering.
2026-02-06 20:47:42,826 [INFO] Saved 4 studies to clinicalstudylist.json
2026-02-06 20:47:42,828 [INFO] \u2705 CTMS sync completed. 4 studies saved.
2026-02-06 20:49:03,319 [INFO] \U0001f504 CTMS sync started.
2026-02-06 20:49:07,533 [INFO] CDMS Session ID loaded from file.
2026-02-06 20:49:11,892 [ERROR] Redis unavailable: Error 10061 connecting to localhost:6379. No connection could be made because the target machine actively refused it.
2026-02-06 20:49:13,222 [INFO] Checking CDMS with query: SELECT name__v FROM study__v WHERE (name__v = '2111-2111' OR name__v = '497575_Tosca_V2V' OR name__v = '1141-0329' OR name__v = '917761_Tosca_V2V')
2026-02-06 20:49:13,950 [WARNING] CDMS query error: [{'type': 'INVALID_SESSION_ID', 'message': 'Invalid or expired session ID.'}]. Proceeding without filtering.
2026-02-06 20:49:13,954 [INFO] Saved 4 studies to clinicalstudylist.json
2026-02-06 20:49:13,955 [INFO] \u2705 CTMS sync completed. 4 studies saved.
2026-02-06 20:51:54,139 [INFO] \U0001f504 CTMS sync started.
2026-02-06 20:51:58,774 [INFO] CDMS Session ID loaded from file.
2026-02-06 20:52:03,235 [ERROR] Redis unavailable: Error 10061 connecting to localhost:6379. No connection could be made because the target machine actively refused it.
2026-02-06 20:52:04,534 [INFO] Checking CDMS with query: SELECT name__v FROM study__v WHERE (name__v = '2111-2111' OR name__v = '497575_Tosca_V2V' OR name__v = '1141-0329' OR name__v = '917761_Tosca_V2V')
2026-02-06 20:52:05,264 [WARNING] CDMS query error: [{'type': 'INVALID_SESSION_ID', 'message': 'Invalid or expired session ID.'}]. Proceeding without filtering.
2026-02-06 20:52:05,267 [INFO] Saved 4 studies to clinicalstudylist.json
2026-02-06 20:52:05,268 [INFO] \u2705 CTMS sync completed. 4 studies saved.
2026-02-06 20:58:43,340 [INFO] \U0001f504 CTMS sync started.
2026-02-06 20:58:47,727 [INFO] CDMS Session ID loaded from file.
2026-02-06 20:58:52,424 [ERROR] Redis unavailable: Error 10061 connecting to localhost:6379. No connection could be made because the target machine actively refused it.
2026-02-06 20:58:53,804 [INFO] Checking CDMS with query: SELECT name__v FROM study__v WHERE (name__v = '2111-2111' OR name__v = '497575_Tosca_V2V' OR name__v = '1141-0329' OR name__v = '917761_Tosca_V2V')
2026-02-06 20:58:54,536 [WARNING] CDMS query error: [{'type': 'INVALID_SESSION_ID', 'message': 'Invalid or expired session ID.'}]. Proceeding without filtering.
2026-02-06 20:58:54,540 [INFO] Saved 4 studies to clinicalstudylist.json
2026-02-06 20:58:54,540 [INFO] \u2705 CTMS sync completed. 4 studies saved.
2026-02-06 21:02:31,832 [INFO] \U0001f504 CTMS sync started.
2026-02-06 21:02:36,725 [INFO] CDMS Session ID loaded from file.
2026-02-06 21:02:41,304 [ERROR] Redis unavailable: Error 10061 connecting to localhost:6379. No connection could be made because the target machine actively refused it.
2026-02-06 21:02:42,694 [INFO] Checking CDMS with query: SELECT name__v FROM study__v WHERE (name__v = '2111-2111' OR name__v = '497575_Tosca_V2V' OR name__v = '1141-0329' OR name__v = '917761_Tosca_V2V')
2026-02-06 21:02:43,478 [WARNING] CDMS query error: [{'type': 'INVALID_SESSION_ID', 'message': 'Invalid or expired session ID.'}]. Proceeding without filtering.
2026-02-06 21:02:43,483 [INFO] Saved 4 studies to clinicalstudylist.json
2026-02-06 21:02:43,484 [INFO] \u2705 CTMS sync completed. 4 studies saved.
2026-02-06 21:02:51,053 [INFO] \U0001f504 CTMS sync started.
2026-02-06 21:02:55,826 [INFO] CDMS Session ID loaded from file.
2026-02-06 21:03:00,620 [ERROR] Redis unavailable: Error 10061 connecting to localhost:6379. No connection could be made because the target machine actively refused it.
2026-02-06 21:03:03,235 [INFO] Checking CDMS with query: SELECT name__v FROM study__v WHERE (name__v = '2111-2111' OR name__v = '497575_Tosca_V2V' OR name__v = '1141-0329' OR name__v = '917761_Tosca_V2V')
2026-02-06 21:03:04,057 [WARNING] CDMS query error: [{'type': 'INVALID_SESSION_ID', 'message': 'Invalid or expired session ID.'}]. Proceeding without filtering.
2026-02-06 21:03:04,061 [INFO] Saved 4 studies to clinicalstudylist.json
2026-02-06 21:03:04,062 [INFO] \u2705 CTMS sync completed. 4 studies saved.
2026-02-06 21:06:03,480 [INFO] \U0001f504 CTMS sync started.
2026-02-06 21:06:08,117 [INFO] CDMS Session ID loaded from file.
2026-02-06 21:06:12,816 [ERROR] Redis unavailable: Error 10061 connecting to localhost:6379. No connection could be made because the target machine actively refused it.
2026-02-06 21:06:14,199 [INFO] Checking CDMS with query: SELECT name__v FROM study__v WHERE (name__v = '2111-2111' OR name__v = '497575_Tosca_V2V' OR name__v = '1141-0329' OR name__v = '917761_Tosca_V2V')
2026-02-06 21:06:14,974 [WARNING] CDMS query error: [{'type': 'INVALID_SESSION_ID', 'message': 'Invalid or expired session ID.'}]. Proceeding without filtering.
2026-02-06 21:06:14,977 [INFO] Saved 4 studies to clinicalstudylist.json
2026-02-06 21:06:14,978 [INFO] \u2705 CTMS sync completed. 4 studies saved.
2026-02-06 21:07:39,939 [INFO] \U0001f504 CTMS sync started.
2026-02-06 21:07:44,670 [INFO] CDMS Session ID loaded from file.
2026-02-06 21:07:49,165 [ERROR] Redis unavailable: Error 10061 connecting to localhost:6379. No connection could be made because the target machine actively refused it.
2026-02-06 21:07:50,461 [INFO] Checking CDMS with query: SELECT name__v FROM study__v WHERE (name__v = '2111-2111' OR name__v = '497575_Tosca_V2V' OR name__v = '1141-0329' OR name__v = '917761_Tosca_V2V')
2026-02-06 21:07:51,214 [WARNING] CDMS query error: [{'type': 'INVALID_SESSION_ID', 'message': 'Invalid or expired session ID.'}]. Proceeding without filtering.
2026-02-06 21:07:51,217 [INFO] Saved 4 studies to clinicalstudylist.json
2026-02-06 21:07:51,218 [INFO] \u2705 CTMS sync completed. 4 studies saved.
2026-02-06 21:09:48,630 [INFO] \U0001f504 CTMS sync started.
2026-02-06 21:09:53,306 [INFO] CDMS Session ID loaded from file.
2026-02-06 21:09:57,685 [ERROR] Redis unavailable: Error 10061 connecting to localhost:6379. No connection could be made because the target machine actively refused it.
2026-02-06 21:09:58,861 [INFO] Checking CDMS with query: SELECT name__v FROM study__v WHERE (name__v = '2111-2111' OR name__v = '497575_Tosca_V2V' OR name__v = '1141-0329' OR name__v = '917761_Tosca_V2V')
2026-02-06 21:09:59,602 [WARNING] CDMS query error: [{'type': 'INVALID_SESSION_ID', 'message': 'Invalid or expired session ID.'}]. Proceeding without filtering.
2026-02-06 21:09:59,606 [INFO] Saved 4 studies to clinicalstudylist.json
2026-02-06 21:09:59,606 [INFO] \u2705 CTMS sync completed. 4 studies saved.
2026-02-06 21:10:35,370 [INFO] \U0001f504 CTMS sync started.
2026-02-06 21:10:39,908 [INFO] CDMS Session ID loaded from file.
2026-02-06 21:10:44,505 [ERROR] Redis unavailable: Error 10061 connecting to localhost:6379. No connection could be made because the target machine actively refused it.
2026-02-06 21:10:47,134 [INFO] Checking CDMS with query: SELECT name__v FROM study__v WHERE (name__v = '2111-2111' OR name__v = '497575_Tosca_V2V' OR name__v = '1141-0329' OR name__v = '917761_Tosca_V2V')
2026-02-06 21:10:47,923 [WARNING] CDMS query error: [{'type': 'INVALID_SESSION_ID', 'message': 'Invalid or expired session ID.'}]. Proceeding without filtering.
2026-02-06 21:10:47,928 [INFO] Saved 4 studies to clinicalstudylist.json
2026-02-06 21:10:47,928 [INFO] \u2705 CTMS sync completed. 4 studies saved.
2026-02-06 21:17:21,323 [INFO] \U0001f504 CTMS sync started.
2026-02-06 21:17:25,643 [INFO] CDMS Session ID loaded from file.
2026-02-06 21:17:29,886 [ERROR] Redis unavailable: Error 10061 connecting to localhost:6379. No connection could be made because the target machine actively refused it.
2026-02-06 21:17:31,373 [INFO] Checking CDMS with query: SELECT name__v FROM study__v WHERE (name__v = '2111-2111' OR name__v = '497575_Tosca_V2V' OR name__v = '1141-0329' OR name__v = '917761_Tosca_V2V')
2026-02-06 21:17:32,133 [WARNING] CDMS query error: [{'type': 'INVALID_SESSION_ID', 'message': 'Invalid or expired session ID.'}]. Proceeding without filtering.
2026-02-06 21:17:32,138 [INFO] Saved 4 studies to clinicalstudylist.json
2026-02-06 21:17:32,138 [INFO] \u2705 CTMS sync completed. 4 studies saved.
2026-02-06 21:19:15,362 [INFO] \U0001f504 CTMS sync started.
2026-02-06 21:19:20,488 [INFO] CDMS Session ID loaded from file.
2026-02-06 21:19:25,289 [ERROR] Redis unavailable: Error 10061 connecting to localhost:6379. No connection could be made because the target machine actively refused it.
2026-02-06 21:19:26,826 [INFO] Checking CDMS with query: SELECT name__v FROM study__v WHERE (name__v = '2111-2111' OR name__v = '497575_Tosca_V2V' OR name__v = '1141-0329' OR name__v = '917761_Tosca_V2V')
2026-02-06 21:19:26,827 [INFO] CDMS URL: https://bigxpsbx-cdms-sbx.veevavault.com/api/v24.3/query
2026-02-06 21:19:26,827 [INFO] Session ID (first 20 chars): 3041DE9CD0A6384F65B2...
2026-02-06 21:19:27,548 [WARNING] CDMS query error: [{'type': 'INVALID_SESSION_ID', 'message': 'Invalid or expired session ID.'}]. Proceeding without filtering.
2026-02-06 21:19:27,558 [INFO] Saved 4 studies to clinicalstudylist.json
2026-02-06 21:19:27,561 [INFO] \u2705 CTMS sync completed. 4 studies saved.
2026-02-06 21:21:48,472 [INFO] \U0001f504 CTMS sync started.
2026-02-06 21:21:52,836 [INFO] CDMS Session ID loaded from file.
2026-02-06 21:21:57,436 [ERROR] Redis unavailable: Error 10061 connecting to localhost:6379. No connection could be made because the target machine actively refused it.
2026-02-06 21:21:58,852 [INFO] Checking CDMS with query: SELECT name__v FROM study__v WHERE (name__v = '2111-2111' OR name__v = '497575_Tosca_V2V' OR name__v = '1141-0329' OR name__v = '917761_Tosca_V2V')
2026-02-06 21:21:58,852 [INFO] CDMS URL: https://bigxpsbx-cdms-sbx.veevavault.com/api/v24.3/query
2026-02-06 21:21:58,852 [INFO] Session ID (first 20 chars): 3041DE9CD0A6384F65B2...
2026-02-06 21:21:59,602 [INFO] CDMS Response Status: 200
2026-02-06 21:21:59,602 [INFO] CDMS Response Headers: {'Server': 'nginx', 'Date': 'Fri, 06 Feb 2026 20:21:59 GMT', 'Content-Type': 'application/json;charset=UTF-8', 'Transfer-Encoding': 'chunked', 'Connection': 'keep-alive', 'X-VaultAPI-ExecutionId': 'http-VLT-EU-CENTRAL-1-PRODUCTION-2092-3808023-43-1770409319827', 'Referrer-Policy': 'strict-origin-when-cross-origin', 'Vary': 'Accept-Encoding', 'Content-Encoding': 'gzip'}
2026-02-06 21:21:59,603 [INFO] CDMS Response JSON keys: ['responseStatus', 'errors']
2026-02-06 21:21:59,603 [ERROR] CDMS query returned errors in 200 response: [{'type': 'INVALID_SESSION_ID', 'message': 'Invalid or expired session ID.'}]
2026-02-06 21:21:59,603 [ERROR] Full response: {'responseStatus': 'FAILURE', 'errors': [{'type': 'INVALID_SESSION_ID', 'message': 'Invalid or expired session ID.'}]}
2026-02-06 21:21:59,606 [INFO] Saved 4 studies to clinicalstudylist.json
2026-02-06 21:21:59,606 [INFO] \u2705 CTMS sync completed. 4 studies saved.
2026-02-06 21:25:09,167 [INFO] \U0001f504 CTMS sync started.
2026-02-06 21:25:13,679 [INFO] CDMS Session ID loaded from file.
2026-02-06 21:25:18,484 [ERROR] Redis unavailable: Error 10061 connecting to localhost:6379. No connection could be made because the target machine actively refused it.
2026-02-06 21:25:20,159 [INFO] Checking CDMS with query: SELECT name__v FROM study__v WHERE (name__v = '2111-2111' OR name__v = '497575_Tosca_V2V' OR name__v = '1141-0329' OR name__v = '917761_Tosca_V2V')
2026-02-06 21:25:20,160 [INFO] CDMS URL: https://bigxpsbx-cdms-sbx.veevavault.com/api/v24.3/query
2026-02-06 21:25:20,160 [INFO] Session ID (first 20 chars): E4D938CB497CC6481FB4...
2026-02-06 21:25:20,923 [INFO] CDMS Response Status: 200
2026-02-06 21:25:20,923 [INFO] CDMS Response Headers: {'Server': 'nginx', 'Date': 'Fri, 06 Feb 2026 20:25:21 GMT', 'Content-Type': 'application/json;charset=UTF-8', 'Transfer-Encoding': 'chunked', 'Connection': 'keep-alive', 'X-VaultAPI-ExecutionId': 'http-VLT-EU-CENTRAL-1-PRODUCTION-2092-3817539-26-1770409521156', 'Referrer-Policy': 'strict-origin-when-cross-origin', 'Vary': 'Accept-Encoding', 'Content-Encoding': 'gzip'}
2026-02-06 21:25:20,924 [INFO] CDMS Response JSON keys: ['responseStatus', 'errors']
2026-02-06 21:25:20,924 [ERROR] CDMS query returned errors in 200 response: [{'type': 'INVALID_SESSION_ID', 'message': 'Invalid or expired session ID.'}]
2026-02-06 21:25:20,925 [ERROR] Full response: {'responseStatus': 'FAILURE', 'errors': [{'type': 'INVALID_SESSION_ID', 'message': 'Invalid or expired session ID.'}]}
2026-02-06 21:25:20,928 [INFO] Saved 4 studies to clinicalstudylist.json
2026-02-06 21:25:20,928 [INFO] \u2705 CTMS sync completed. 4 studies saved.
2026-02-06 21:32:59,080 [INFO] \U0001f504 CTMS sync started.
2026-02-06 21:33:03,592 [INFO] CDMS Session ID loaded from file.
2026-02-06 21:33:08,283 [ERROR] Redis unavailable: Error 10061 connecting to localhost:6379. No connection could be made because the target machine actively refused it.
2026-02-06 21:33:09,611 [INFO] Checking CDMS with query: SELECT name__v FROM study__v WHERE (name__v = '2111-2111' OR name__v = '497575_Tosca_V2V' OR name__v = '1141-0329' OR name__v = '917761_Tosca_V2V')
2026-02-06 21:33:09,611 [INFO] CDMS URL: https://bigxpsbx-cdms-sbx.veevavault.com/api/v24.3/query
2026-02-06 21:33:09,612 [INFO] Session ID (first 20 chars): 6217C7286C95A9A09F6E...
2026-02-06 21:33:10,607 [INFO] CDMS Response Status: 200
2026-02-06 21:33:10,607 [INFO] CDMS Response Headers: {'Server': 'nginx', 'Date': 'Fri, 06 Feb 2026 20:33:10 GMT', 'Content-Type': 'application/json;charset=UTF-8', 'Transfer-Encoding': 'chunked', 'Connection': 'keep-alive', 'X-VaultAPI-ExecutionId': 'http-VLT-EU-CENTRAL-1-PRODUCTION-2092-5082366-73-1770409990619', 'X-VaultAPI-BurstLimit': '2000', 'X-VaultAPI-BurstLimitRemaining': '1997', 'Strict-Transport-Security': 'max-age=31536000;includeSubDomains', 'X-Content-Type-Options': 'nosniff', 'X-XSS-Protection': '1; mode=block', 'X-VaultAPI-UserId': '22447868', 'X-VaultAPI-TruncatedSessionId': '6217C7286C95A9A', 'X-VaultAPI-VaultId': '110377', 'X-VaultAPI-Resource': 'study__v', 'X-VaultAPI-Status': 'SUCCESS', 'Cache-Control': 'no-store', 'Referrer-Policy': 'strict-origin-when-cross-origin', 'Vary': 'Accept-Encoding', 'Content-Encoding': 'gzip', 'Content-Language': 'en-US'}
2026-02-06 21:33:10,607 [INFO] CDMS Response JSON keys: ['responseStatus', 'responseDetails', 'data']
2026-02-06 21:33:10,607 [INFO] No existing studies found in CDMS.
2026-02-06 21:33:10,611 [INFO] Saved 4 studies to clinicalstudylist.json
2026-02-06 21:33:10,611 [INFO] \u2705 CTMS sync completed. 4 studies saved.
